// Jest Snapshot v1, https://goo.gl/fbAQLP

exports[`Tests if RichText component renders correctly should render the correct conent 1`] = `null`;
